EN stack NULL /home/dev/projects/es4/fhdw-vhdl-stack/src/stack/stack.vhd sub00/vhpl00 1692988468
AR stack behavioral /home/dev/projects/es4/fhdw-vhdl-stack/src/stack/stack.vhd sub00/vhpl01 1692710780
AR stack stack_arch /home/dev/projects/es4/fhdw-vhdl-stack/src/stack/stack.vhd sub00/vhpl02 1692988469
